../Core/Src/cmr_sd_lib.c:17:5:sd_get_space_kb	40	static
../Core/Src/cmr_sd_lib.c:31:5:sd_mount	16	static
../Core/Src/cmr_sd_lib.c:58:5:sd_unmount	16	static
../Core/Src/cmr_sd_lib.c:64:5:sd_write_file	4168	static
../Core/Src/cmr_sd_lib.c:76:5:sd_append_file	4168	static
../Core/Src/cmr_sd_lib.c:94:5:sd_read_file	4184	static
../Core/Src/cmr_sd_lib.c:123:5:sd_delete_file	24	static
../Core/Src/cmr_sd_lib.c:129:5:sd_rename_file	24	static
../Core/Src/cmr_sd_lib.c:135:9:sd_create_directory	24	static
../Core/Src/cmr_sd_lib.c:141:6:sd_list_directory_recursive	496	static
../Core/Src/cmr_sd_lib.c:173:6:sd_list_files	8	static
