../Core/Src/main.c:70:5:_write	32	static
../Core/Src/main.c:83:9:BSP_SD_IsDetected	16	static
../Core/Src/main.c:89:9:delete_all	616	static
../Core/Src/main.c:132:5:main	24	static
../Core/Src/main.c:210:6:SystemClock_Config	88	static
../Core/Src/main.c:257:13:MX_SDIO_SD_Init	8	static
../Core/Src/main.c:299:13:MX_USART3_UART_Init	8	static
../Core/Src/main.c:332:13:MX_USB_OTG_FS_PCD_Init	8	static
../Core/Src/main.c:368:13:MX_GPIO_Init	56	static
../Core/Src/main.c:434:6:Error_Handler	4	static,ignoring_inline_asm
